This is LuaHBTeX, Version 1.22.0 (MiKTeX 25.4)
 restricted system commands enabled.
(./dsmc-cv.tex
LaTeX2e <2025-11-01>
L3 programming layer <2025-11-06>
 (./buetcv.cls
Document Class: buetcv 2026/10/04 v2.0 Academic CV: short CV and full dossier
(C:/Users/BUETEEE/AppData/Local/Programs/MiKTeX/tex/latex/base/article.cls
Document Class: article 2025/01/22 v1.4n Standard LaTeX document class
(C:/Users/BUETEEE/AppData/Local/Programs/MiKTeX/tex/latex/base/size11.clo))
(C:/Users/BUETEEE/AppData/Local/Programs/MiKTeX/tex/generic/iftex/iftex.sty)
(C:/Users/BUETEEE/AppData/Local/Programs/MiKTeX/tex/latex/geometry/geometry.sty
(C:/Users/BUETEEE/AppData/Local/Programs/MiKTeX/tex/latex/graphics/keyval.sty)
(C:/Users/BUETEEE/AppData/Local/Programs/MiKTeX/tex/generic/iftex/ifvtex.sty)
(C:/Users/BUETEEE/AppData/Local/Programs/MiKTeX/tex/latex/geometry/geometry.cfg
)) (C:/Users/BUETEEE/AppData/Local/Programs/MiKTeX/tex/generic/babel/babel.sty
(C:/Users/BUETEEE/AppData/Local/Programs/MiKTeX/tex/generic/babel/luababel.def

Package babel Warning: I couldn't find language.dat. No additional
(babel)                patterns loaded. Reported on input line 107.

)
(C:/Users/BUETEEE/AppData/Local/Programs/MiKTeX/tex/generic/babel/luababel.def)
*************************************
* Local config file bblopts.cfg used
*
(C:/Users/BUETEEE/AppData/Local/Programs/MiKTeX/tex/latex/arabi/bblopts.cfg)
(C:/Users/BUETEEE/AppData/Local/Programs/MiKTeX/tex/generic/babel/locale/en/bab
el-british.tex)
(C:/Users/BUETEEE/AppData/Local/Programs/MiKTeX/tex/latex/babel-english/british
.ldf
(C:/Users/BUETEEE/AppData/Local/Programs/MiKTeX/tex/latex/babel-english/english
.ldf)))
(C:/Users/BUETEEE/AppData/Local/Programs/MiKTeX/tex/latex/etoolbox/etoolbox.sty
)
(C:/Users/BUETEEE/AppData/Local/Programs/MiKTeX/tex/latex/fontspec/fontspec.sty

(C:/Users/BUETEEE/AppData/Local/Programs/MiKTeX/tex/latex/l3packages/xparse/xpa
rse.sty
(C:/Users/BUETEEE/AppData/Local/Programs/MiKTeX/tex/latex/l3kernel/expl3.sty
(C:/Users/BUETEEE/AppData/Local/Programs/MiKTeX/tex/latex/l3backend/l3backend-l
uatex.def)))
(C:/Users/BUETEEE/AppData/Local/Programs/MiKTeX/tex/latex/fontspec/fontspec-lua
tex.sty
(C:/Users/BUETEEE/AppData/Local/Programs/MiKTeX/tex/latex/base/fontenc.sty)
(C:/Users/BUETEEE/AppData/Local/Programs/MiKTeX/tex/latex/fontspec/fontspec.cfg
)))
(C:/Users/BUETEEE/AppData/Local/Programs/MiKTeX/tex/latex/unicode-math/unicode-
math.sty
(C:/Users/BUETEEE/AppData/Local/Programs/MiKTeX/tex/latex/unicode-math/unicode-
math-luatex.sty
(C:/Users/BUETEEE/AppData/Local/Programs/MiKTeX/tex/latex/l3packages/l3keys2e/l
3keys2e.sty)
(C:/Users/BUETEEE/AppData/Local/Programs/MiKTeX/tex/latex/base/fix-cm.sty
(C:/Users/BUETEEE/AppData/Local/Programs/MiKTeX/tex/latex/base/ts1enc.def))
(C:/Users/BUETEEE/AppData/Local/Programs/MiKTeX/tex/latex/amsmath/amsmath.sty
For additional information on amsmath, use the `?' option.
(C:/Users/BUETEEE/AppData/Local/Programs/MiKTeX/tex/latex/amsmath/amstext.sty
(C:/Users/BUETEEE/AppData/Local/Programs/MiKTeX/tex/latex/amsmath/amsgen.sty))
(C:/Users/BUETEEE/AppData/Local/Programs/MiKTeX/tex/latex/amsmath/amsbsy.sty)
(C:/Users/BUETEEE/AppData/Local/Programs/MiKTeX/tex/latex/amsmath/amsopn.sty))
(C:/Users/BUETEEE/AppData/Local/Programs/MiKTeX/tex/lualatex/lualatex-math/lual
atex-math.sty)
(C:/Users/BUETEEE/AppData/Local/Programs/MiKTeX/tex/latex/unicode-math/unicode-
math-table.tex)))
(C:/Users/BUETEEE/AppData/Local/Programs/MiKTeX/tex/latex/microtype/microtype.s
ty
(C:/Users/BUETEEE/AppData/Local/Programs/MiKTeX/tex/latex/microtype/microtype-l
uatex.def)
(C:/Users/BUETEEE/AppData/Local/Programs/MiKTeX/tex/latex/microtype/microtype.c
fg))
(C:/Users/BUETEEE/AppData/Local/Programs/MiKTeX/tex/latex/fontawesome5/fontawes
ome5.sty
(C:/Users/BUETEEE/AppData/Local/Programs/MiKTeX/tex/latex/fontawesome5/fontawes
ome5-utex-helper.sty
(C:/Users/BUETEEE/AppData/Local/Programs/MiKTeX/tex/luatex/luatexbase/luatexbas
e.sty
(C:/Users/BUETEEE/AppData/Local/Programs/MiKTeX/tex/luatex/ctablestack/ctablest
ack.sty))
(C:/Users/BUETEEE/AppData/Local/Programs/MiKTeX/tex/latex/fontawesome5/tufontaw
esomefree.fd)
(C:/Users/BUETEEE/AppData/Local/Programs/MiKTeX/tex/latex/fontawesome5/tufontaw
esomebrands.fd)))
(C:/Users/BUETEEE/AppData/Local/Programs/MiKTeX/tex/fonts/academicons/academico
ns.sty
(C:/Users/BUETEEE/AppData/Local/Programs/MiKTeX/tex/fonts/academicons/academico
ns-xeluatex.tex)
(C:/Users/BUETEEE/AppData/Local/Programs/MiKTeX/tex/fonts/academicons/academico
ns-generic.tex))
(C:/Users/BUETEEE/AppData/Local/Programs/MiKTeX/tex/latex/xcolor/xcolor.sty
(C:/Users/BUETEEE/AppData/Local/Programs/MiKTeX/tex/latex/graphics-cfg/color.cf
g)
(C:/Users/BUETEEE/AppData/Local/Programs/MiKTeX/tex/latex/graphics-def/luatex.d
ef)
(C:/Users/BUETEEE/AppData/Local/Programs/MiKTeX/tex/latex/graphics/mathcolor.lt
x))
(C:/Users/BUETEEE/AppData/Local/Programs/MiKTeX/tex/latex/hyperref/hyperref.sty

(C:/Users/BUETEEE/AppData/Local/Programs/MiKTeX/tex/latex/kvsetkeys/kvsetkeys.s
ty)
(C:/Users/BUETEEE/AppData/Local/Programs/MiKTeX/tex/generic/kvdefinekeys/kvdefi
nekeys.sty)
(C:/Users/BUETEEE/AppData/Local/Programs/MiKTeX/tex/generic/pdfescape/pdfescape
.sty
(C:/Users/BUETEEE/AppData/Local/Programs/MiKTeX/tex/generic/ltxcmds/ltxcmds.sty
)
(C:/Users/BUETEEE/AppData/Local/Programs/MiKTeX/tex/generic/pdftexcmds/pdftexcm
ds.sty
(C:/Users/BUETEEE/AppData/Local/Programs/MiKTeX/tex/generic/infwarerr/infwarerr
.sty)))
(C:/Users/BUETEEE/AppData/Local/Programs/MiKTeX/tex/latex/hycolor/hycolor.sty)
(C:/Users/BUETEEE/AppData/Local/Programs/MiKTeX/tex/latex/hyperref/nameref.sty
(C:/Users/BUETEEE/AppData/Local/Programs/MiKTeX/tex/latex/refcount/refcount.sty
)
(C:/Users/BUETEEE/AppData/Local/Programs/MiKTeX/tex/generic/gettitlestring/gett
itlestring.sty
(C:/Users/BUETEEE/AppData/Local/Programs/MiKTeX/tex/latex/kvoptions/kvoptions.s
ty)))
(C:/Users/BUETEEE/AppData/Local/Programs/MiKTeX/tex/generic/stringenc/stringenc
.sty)
(C:/Users/BUETEEE/AppData/Local/Programs/MiKTeX/tex/latex/hyperref/pd1enc.def)
(C:/Users/BUETEEE/AppData/Local/Programs/MiKTeX/tex/generic/intcalc/intcalc.sty
) (C:/Users/BUETEEE/AppData/Local/Programs/MiKTeX/tex/latex/hyperref/puenc.def)
(C:/Users/BUETEEE/AppData/Local/Programs/MiKTeX/tex/latex/url/url.sty)
(C:/Users/BUETEEE/AppData/Local/Programs/MiKTeX/tex/generic/bitset/bitset.sty
(C:/Users/BUETEEE/AppData/Local/Programs/MiKTeX/tex/generic/bigintcalc/bigintca
lc.sty)))
(C:/Users/BUETEEE/AppData/Local/Programs/MiKTeX/tex/latex/hyperref/hluatex.def
(C:/Users/BUETEEE/AppData/Local/Programs/MiKTeX/tex/latex/rerunfilecheck/rerunf
ilecheck.sty
(C:/Users/BUETEEE/AppData/Local/Programs/MiKTeX/tex/generic/uniquecounter/uniqu
ecounter.sty)))
(C:/Users/BUETEEE/AppData/Local/Programs/MiKTeX/tex/latex/bookmark/bookmark.sty

(C:/Users/BUETEEE/AppData/Local/Programs/MiKTeX/tex/latex/bookmark/bkm-pdftex.d
ef))
(C:/Users/BUETEEE/AppData/Local/Programs/MiKTeX/tex/latex/lastpage/lastpage.sty

(C:/Users/BUETEEE/AppData/Local/Programs/MiKTeX/tex/latex/lastpage/lastpage2e.s
ty
(C:/Users/BUETEEE/AppData/Local/Programs/MiKTeX/tex/latex/lastpage/lastpagemode
rn.sty) 
))
(C:/Users/BUETEEE/AppData/Local/Programs/MiKTeX/tex/latex/fancyhdr/fancyhdr.sty
)
(C:/Users/BUETEEE/AppData/Local/Programs/MiKTeX/tex/latex/titlesec/titlesec.sty
)
(C:/Users/BUETEEE/AppData/Local/Programs/MiKTeX/tex/latex/needspace/needspace.s
ty)
(C:/Users/BUETEEE/AppData/Local/Programs/MiKTeX/tex/latex/enumitem/enumitem.sty
)
(C:/Users/BUETEEE/AppData/Local/Programs/MiKTeX/tex/latex/pgfplots/pgfplots.sty

(C:/Users/BUETEEE/AppData/Local/Programs/MiKTeX/tex/generic/pgfplots/pgfplots.r
evision.tex)
(C:/Users/BUETEEE/AppData/Local/Programs/MiKTeX/tex/latex/graphics/graphicx.sty

(C:/Users/BUETEEE/AppData/Local/Programs/MiKTeX/tex/latex/graphics/graphics.sty
(C:/Users/BUETEEE/AppData/Local/Programs/MiKTeX/tex/latex/graphics/trig.sty)
(C:/Users/BUETEEE/AppData/Local/Programs/MiKTeX/tex/latex/graphics-cfg/graphics
.cfg)))
(C:/Users/BUETEEE/AppData/Local/Programs/MiKTeX/tex/latex/pgf/frontendlayer/tik
z.sty
(C:/Users/BUETEEE/AppData/Local/Programs/MiKTeX/tex/latex/pgf/basiclayer/pgf.st
y
(C:/Users/BUETEEE/AppData/Local/Programs/MiKTeX/tex/latex/pgf/utilities/pgfrcs.
sty
(C:/Users/BUETEEE/AppData/Local/Programs/MiKTeX/tex/generic/pgf/utilities/pgfut
il-common.tex)
(C:/Users/BUETEEE/AppData/Local/Programs/MiKTeX/tex/generic/pgf/utilities/pgfut
il-latex.def)
(C:/Users/BUETEEE/AppData/Local/Programs/MiKTeX/tex/generic/pgf/utilities/pgfrc
s.code.tex
(C:/Users/BUETEEE/AppData/Local/Programs/MiKTeX/tex/generic/pgf/pgf.revision.te
x)))
(C:/Users/BUETEEE/AppData/Local/Programs/MiKTeX/tex/latex/pgf/basiclayer/pgfcor
e.sty
(C:/Users/BUETEEE/AppData/Local/Programs/MiKTeX/tex/latex/pgf/systemlayer/pgfsy
s.sty
(C:/Users/BUETEEE/AppData/Local/Programs/MiKTeX/tex/generic/pgf/systemlayer/pgf
sys.code.tex
(C:/Users/BUETEEE/AppData/Local/Programs/MiKTeX/tex/generic/pgf/utilities/pgfke
ys.code.tex
(C:/Users/BUETEEE/AppData/Local/Programs/MiKTeX/tex/generic/pgf/utilities/pgfke
yslibraryfiltered.code.tex))
(C:/Users/BUETEEE/AppData/Local/Programs/MiKTeX/tex/generic/pgf/systemlayer/pgf
.cfg)
(C:/Users/BUETEEE/AppData/Local/Programs/MiKTeX/tex/generic/pgf/systemlayer/pgf
sys-luatex.def
(C:/Users/BUETEEE/AppData/Local/Programs/MiKTeX/tex/generic/pgf/systemlayer/pgf
sys-common-pdf.def)))
(C:/Users/BUETEEE/AppData/Local/Programs/MiKTeX/tex/generic/pgf/systemlayer/pgf
syssoftpath.code.tex)
(C:/Users/BUETEEE/AppData/Local/Programs/MiKTeX/tex/generic/pgf/systemlayer/pgf
sysprotocol.code.tex))
(C:/Users/BUETEEE/AppData/Local/Programs/MiKTeX/tex/generic/pgf/basiclayer/pgfc
ore.code.tex
(C:/Users/BUETEEE/AppData/Local/Programs/MiKTeX/tex/generic/pgf/math/pgfmath.co
de.tex
(C:/Users/BUETEEE/AppData/Local/Programs/MiKTeX/tex/generic/pgf/math/pgfmathuti
l.code.tex)
(C:/Users/BUETEEE/AppData/Local/Programs/MiKTeX/tex/generic/pgf/math/pgfmathpar
ser.code.tex)
(C:/Users/BUETEEE/AppData/Local/Programs/MiKTeX/tex/generic/pgf/math/pgfmathfun
ctions.code.tex)
(C:/Users/BUETEEE/AppData/Local/Programs/MiKTeX/tex/generic/pgf/math/pgfmathfun
ctions.basic.code.tex)
(C:/Users/BUETEEE/AppData/Local/Programs/MiKTeX/tex/generic/pgf/math/pgfmathfun
ctions.trigonometric.code.tex)
(C:/Users/BUETEEE/AppData/Local/Programs/MiKTeX/tex/generic/pgf/math/pgfmathfun
ctions.random.code.tex)
(C:/Users/BUETEEE/AppData/Local/Programs/MiKTeX/tex/generic/pgf/math/pgfmathfun
ctions.comparison.code.tex)
(C:/Users/BUETEEE/AppData/Local/Programs/MiKTeX/tex/generic/pgf/math/pgfmathfun
ctions.base.code.tex)
(C:/Users/BUETEEE/AppData/Local/Programs/MiKTeX/tex/generic/pgf/math/pgfmathfun
ctions.round.code.tex)
(C:/Users/BUETEEE/AppData/Local/Programs/MiKTeX/tex/generic/pgf/math/pgfmathfun
ctions.misc.code.tex)
(C:/Users/BUETEEE/AppData/Local/Programs/MiKTeX/tex/generic/pgf/math/pgfmathfun
ctions.integerarithmetics.code.tex)
(C:/Users/BUETEEE/AppData/Local/Programs/MiKTeX/tex/generic/pgf/math/pgfmathcal
c.code.tex)
(C:/Users/BUETEEE/AppData/Local/Programs/MiKTeX/tex/generic/pgf/math/pgfmathflo
at.code.tex))
(C:/Users/BUETEEE/AppData/Local/Programs/MiKTeX/tex/generic/pgf/math/pgfint.cod
e.tex)
(C:/Users/BUETEEE/AppData/Local/Programs/MiKTeX/tex/generic/pgf/basiclayer/pgfc
orepoints.code.tex)
(C:/Users/BUETEEE/AppData/Local/Programs/MiKTeX/tex/generic/pgf/basiclayer/pgfc
orepathconstruct.code.tex)
(C:/Users/BUETEEE/AppData/Local/Programs/MiKTeX/tex/generic/pgf/basiclayer/pgfc
orepathusage.code.tex)
(C:/Users/BUETEEE/AppData/Local/Programs/MiKTeX/tex/generic/pgf/basiclayer/pgfc
orescopes.code.tex)
(C:/Users/BUETEEE/AppData/Local/Programs/MiKTeX/tex/generic/pgf/basiclayer/pgfc
oregraphicstate.code.tex)
(C:/Users/BUETEEE/AppData/Local/Programs/MiKTeX/tex/generic/pgf/basiclayer/pgfc
oretransformations.code.tex)
(C:/Users/BUETEEE/AppData/Local/Programs/MiKTeX/tex/generic/pgf/basiclayer/pgfc
orequick.code.tex)
(C:/Users/BUETEEE/AppData/Local/Programs/MiKTeX/tex/generic/pgf/basiclayer/pgfc
oreobjects.code.tex)
(C:/Users/BUETEEE/AppData/Local/Programs/MiKTeX/tex/generic/pgf/basiclayer/pgfc
orepathprocessing.code.tex)
(C:/Users/BUETEEE/AppData/Local/Programs/MiKTeX/tex/generic/pgf/basiclayer/pgfc
orearrows.code.tex)
(C:/Users/BUETEEE/AppData/Local/Programs/MiKTeX/tex/generic/pgf/basiclayer/pgfc
oreshade.code.tex)
(C:/Users/BUETEEE/AppData/Local/Programs/MiKTeX/tex/generic/pgf/basiclayer/pgfc
oreimage.code.tex)
(C:/Users/BUETEEE/AppData/Local/Programs/MiKTeX/tex/generic/pgf/basiclayer/pgfc
oreexternal.code.tex)
(C:/Users/BUETEEE/AppData/Local/Programs/MiKTeX/tex/generic/pgf/basiclayer/pgfc
orelayers.code.tex)
(C:/Users/BUETEEE/AppData/Local/Programs/MiKTeX/tex/generic/pgf/basiclayer/pgfc
oretransparency.code.tex)
(C:/Users/BUETEEE/AppData/Local/Programs/MiKTeX/tex/generic/pgf/basiclayer/pgfc
orepatterns.code.tex)
(C:/Users/BUETEEE/AppData/Local/Programs/MiKTeX/tex/generic/pgf/basiclayer/pgfc
orerdf.code.tex)))
(C:/Users/BUETEEE/AppData/Local/Programs/MiKTeX/tex/generic/pgf/modules/pgfmodu
leshapes.code.tex)
(C:/Users/BUETEEE/AppData/Local/Programs/MiKTeX/tex/generic/pgf/modules/pgfmodu
leplot.code.tex)
(C:/Users/BUETEEE/AppData/Local/Programs/MiKTeX/tex/latex/pgf/compatibility/pgf
comp-version-0-65.sty)
(C:/Users/BUETEEE/AppData/Local/Programs/MiKTeX/tex/latex/pgf/compatibility/pgf
comp-version-1-18.sty))
(C:/Users/BUETEEE/AppData/Local/Programs/MiKTeX/tex/latex/pgf/utilities/pgffor.
sty
(C:/Users/BUETEEE/AppData/Local/Programs/MiKTeX/tex/latex/pgf/utilities/pgfkeys
.sty
(C:/Users/BUETEEE/AppData/Local/Programs/MiKTeX/tex/generic/pgf/utilities/pgfke
ys.code.tex))
(C:/Users/BUETEEE/AppData/Local/Programs/MiKTeX/tex/latex/pgf/math/pgfmath.sty
(C:/Users/BUETEEE/AppData/Local/Programs/MiKTeX/tex/generic/pgf/math/pgfmath.co
de.tex))
(C:/Users/BUETEEE/AppData/Local/Programs/MiKTeX/tex/generic/pgf/utilities/pgffo
r.code.tex))
(C:/Users/BUETEEE/AppData/Local/Programs/MiKTeX/tex/generic/pgf/frontendlayer/t
ikz/tikz.code.tex
(C:/Users/BUETEEE/AppData/Local/Programs/MiKTeX/tex/generic/pgf/libraries/pgfli
braryplothandlers.code.tex)
(C:/Users/BUETEEE/AppData/Local/Programs/MiKTeX/tex/generic/pgf/modules/pgfmodu
lematrix.code.tex)
(C:/Users/BUETEEE/AppData/Local/Programs/MiKTeX/tex/generic/pgf/frontendlayer/t
ikz/libraries/tikzlibrarytopaths.code.tex)))
(C:/Users/BUETEEE/AppData/Local/Programs/MiKTeX/tex/generic/pgfplots/pgfplots.c
ode.tex
(C:/Users/BUETEEE/AppData/Local/Programs/MiKTeX/tex/generic/pgfplots/pgfplotsco
re.code.tex
(C:/Users/BUETEEE/AppData/Local/Programs/MiKTeX/tex/generic/pgfplots/sys/pgfplo
tssysgeneric.code.tex))
(C:/Users/BUETEEE/AppData/Local/Programs/MiKTeX/tex/generic/pgfplots/libs/pgfpl
otslibrary.code.tex)
(C:/Users/BUETEEE/AppData/Local/Programs/MiKTeX/tex/generic/pgfplots/oldpgfcomp
atib/pgfplotsoldpgfsupp_loader.code.tex
(C:/Users/BUETEEE/AppData/Local/Programs/MiKTeX/tex/generic/pgf/libraries/pgfli
braryfpu.code.tex)
Package pgfplots: loading complementary utilities for your pgf version...

(C:/Users/BUETEEE/AppData/Local/Programs/MiKTeX/tex/generic/pgfplots/oldpgfcomp
atib/pgfplotsoldpgfsupp_pgfutil-common-lists.tex)
(C:/Users/BUETEEE/AppData/Local/Programs/MiKTeX/tex/generic/pgf/libraries/luama
th/pgflibraryluamath.code.tex))
(C:/Users/BUETEEE/AppData/Local/Programs/MiKTeX/tex/generic/pgfplots/util/pgfpl
otsutil.code.tex
(C:/Users/BUETEEE/AppData/Local/Programs/MiKTeX/tex/generic/pgfplots/liststruct
ure/pgfplotsliststructure.code.tex)
(C:/Users/BUETEEE/AppData/Local/Programs/MiKTeX/tex/generic/pgfplots/liststruct
ure/pgfplotsliststructureext.code.tex)
(C:/Users/BUETEEE/AppData/Local/Programs/MiKTeX/tex/generic/pgfplots/liststruct
ure/pgfplotsarray.code.tex)
(C:/Users/BUETEEE/AppData/Local/Programs/MiKTeX/tex/generic/pgfplots/liststruct
ure/pgfplotsmatrix.code.tex)
(C:/Users/BUETEEE/AppData/Local/Programs/MiKTeX/tex/generic/pgfplots/numtable/p
gfplotstableshared.code.tex)
(C:/Users/BUETEEE/AppData/Local/Programs/MiKTeX/tex/generic/pgfplots/liststruct
ure/pgfplotsdeque.code.tex)
(C:/Users/BUETEEE/AppData/Local/Programs/MiKTeX/tex/generic/pgfplots/util/pgfpl
otsbinary.code.tex
(C:/Users/BUETEEE/AppData/Local/Programs/MiKTeX/tex/generic/pgfplots/util/pgfpl
otsbinary.data.code.tex))
(C:/Users/BUETEEE/AppData/Local/Programs/MiKTeX/tex/generic/pgfplots/util/pgfpl
otsutil.verb.code.tex)
(C:/Users/BUETEEE/AppData/Local/Programs/MiKTeX/tex/generic/pgfplots/libs/pgfli
brarypgfplots.surfshading.code.tex
(C:/Users/BUETEEE/AppData/Local/Programs/MiKTeX/tex/generic/pgfplots/sys/pgflib
rarypgfplots.surfshading.pgfsys-luatex.def)))
(C:/Users/BUETEEE/AppData/Local/Programs/MiKTeX/tex/generic/pgfplots/util/pgfpl
otscolormap.code.tex
(C:/Users/BUETEEE/AppData/Local/Programs/MiKTeX/tex/generic/pgfplots/util/pgfpl
otscolor.code.tex))
(C:/Users/BUETEEE/AppData/Local/Programs/MiKTeX/tex/generic/pgfplots/pgfplotsst
ackedplots.code.tex)
(C:/Users/BUETEEE/AppData/Local/Programs/MiKTeX/tex/generic/pgfplots/pgfplotspl
othandlers.code.tex
(C:/Users/BUETEEE/AppData/Local/Programs/MiKTeX/tex/generic/pgfplots/pgfplotsme
shplothandler.code.tex
(C:/Users/BUETEEE/AppData/Local/Programs/MiKTeX/tex/generic/pgfplots/pgfplotsme
shplotimage.code.tex)))
(C:/Users/BUETEEE/AppData/Local/Programs/MiKTeX/tex/generic/pgfplots/pgfplots.s
caling.code.tex)
(C:/Users/BUETEEE/AppData/Local/Programs/MiKTeX/tex/generic/pgfplots/pgfplotsco
ordprocessing.code.tex)
(C:/Users/BUETEEE/AppData/Local/Programs/MiKTeX/tex/generic/pgfplots/pgfplots.e
rrorbars.code.tex)
(C:/Users/BUETEEE/AppData/Local/Programs/MiKTeX/tex/generic/pgfplots/pgfplots.m
arkers.code.tex)
(C:/Users/BUETEEE/AppData/Local/Programs/MiKTeX/tex/generic/pgfplots/pgfplotsti
cks.code.tex)
(C:/Users/BUETEEE/AppData/Local/Programs/MiKTeX/tex/generic/pgfplots/pgfplots.p
aths.code.tex)
(C:/Users/BUETEEE/AppData/Local/Programs/MiKTeX/tex/generic/pgf/frontendlayer/t
ikz/libraries/tikzlibrarydecorations.code.tex
(C:/Users/BUETEEE/AppData/Local/Programs/MiKTeX/tex/generic/pgf/modules/pgfmodu
ledecorations.code.tex))
(C:/Users/BUETEEE/AppData/Local/Programs/MiKTeX/tex/generic/pgf/frontendlayer/t
ikz/libraries/tikzlibrarydecorations.pathmorphing.code.tex
(C:/Users/BUETEEE/AppData/Local/Programs/MiKTeX/tex/generic/pgf/libraries/decor
ations/pgflibrarydecorations.pathmorphing.code.tex))
(C:/Users/BUETEEE/AppData/Local/Programs/MiKTeX/tex/generic/pgf/frontendlayer/t
ikz/libraries/tikzlibrarydecorations.pathreplacing.code.tex
(C:/Users/BUETEEE/AppData/Local/Programs/MiKTeX/tex/generic/pgf/libraries/decor
ations/pgflibrarydecorations.pathreplacing.code.tex))
(C:/Users/BUETEEE/AppData/Local/Programs/MiKTeX/tex/generic/pgfplots/libs/tikzl
ibrarypgfplots.contourlua.code.tex))
(C:/Users/BUETEEE/AppData/Local/Programs/MiKTeX/tex/generic/pgf/frontendlayer/t
ikz/libraries/tikzlibraryplotmarks.code.tex
(C:/Users/BUETEEE/AppData/Local/Programs/MiKTeX/tex/generic/pgf/libraries/pgfli
braryplotmarks.code.tex)))
(C:/Users/BUETEEE/AppData/Local/Programs/MiKTeX/tex/latex/csquotes/csquotes.sty

(C:/Users/BUETEEE/AppData/Local/Programs/MiKTeX/tex/latex/csquotes/csquotes.def
)
(C:/Users/BUETEEE/AppData/Local/Programs/MiKTeX/tex/latex/csquotes/csquotes.cfg
))
(C:/Users/BUETEEE/AppData/Local/Programs/MiKTeX/tex/latex/biblatex/biblatex.sty
(C:/Users/BUETEEE/AppData/Local/Programs/MiKTeX/tex/latex/logreq/logreq.sty
(C:/Users/BUETEEE/AppData/Local/Programs/MiKTeX/tex/latex/logreq/logreq.def))
(C:/Users/BUETEEE/AppData/Local/Programs/MiKTeX/tex/latex/base/ifthen.sty)
(C:/Users/BUETEEE/AppData/Local/Programs/MiKTeX/tex/latex/biblatex/blx-dm.def)
(./buetcv.dbx)
(C:/Users/BUETEEE/AppData/Local/Programs/MiKTeX/tex/latex/biblatex/blx-unicode.
def)
(C:/Users/BUETEEE/AppData/Local/Programs/MiKTeX/tex/latex/biblatex/blx-compat.d
ef)
(C:/Users/BUETEEE/AppData/Local/Programs/MiKTeX/tex/latex/biblatex/biblatex.def
)
(C:/Users/BUETEEE/AppData/Local/Programs/MiKTeX/tex/latex/biblatex-ext/ext-nume
ric.bbx
(C:/Users/BUETEEE/AppData/Local/Programs/MiKTeX/tex/latex/biblatex-ext/ext-stan
dard.bbx
(C:/Users/BUETEEE/AppData/Local/Programs/MiKTeX/tex/latex/biblatex-ext/ext-bibl
atex-aux.def)
(C:/Users/BUETEEE/AppData/Local/Programs/MiKTeX/tex/latex/biblatex/bbx/standard
.bbx))
(C:/Users/BUETEEE/AppData/Local/Programs/MiKTeX/tex/latex/biblatex/bbx/numeric.
bbx))
(C:/Users/BUETEEE/AppData/Local/Programs/MiKTeX/tex/latex/biblatex-ext/ext-nume
ric.cbx
(C:/Users/BUETEEE/AppData/Local/Programs/MiKTeX/tex/latex/biblatex/cbx/numeric.
cbx))
(C:/Users/BUETEEE/AppData/Local/Programs/MiKTeX/tex/latex/biblatex/biblatex.cfg
)
(C:/Users/BUETEEE/AppData/Local/Programs/MiKTeX/tex/latex/biblatex/blx-case-exp
l3.sty))) (./cv-setup.tex (./metrics.tex))
No file dsmc-cv.aux.
*geometry* driver: auto-detecting
*geometry* detected driver: luatex

(C:/Users/BUETEEE/AppData/Local/Programs/MiKTeX/tex/context/base/mkii/supp-pdf.
mkii
[Loading MPS to PDF converter (version 2006.09.02).]
)
(C:/Users/BUETEEE/AppData/Local/Programs/MiKTeX/tex/latex/epstopdf-pkg/epstopdf
-base.sty
(C:/Users/BUETEEE/AppData/Local/Programs/MiKTeX/tex/latex/00miktex/epstopdf-sys
.cfg))
Package pgfplots notification 'compat/show suggested version=true': document ha
s been generated with the most recent feature set (\pgfplotsset{compat=1.18}).


(C:/Users/BUETEEE/AppData/Local/Programs/MiKTeX/tex/latex/biblatex/lbx/british.
lbx
(C:/Users/BUETEEE/AppData/Local/Programs/MiKTeX/tex/latex/biblatex/lbx/english.
lbx))
No file dsmc-cv.bbl.
(./cv-body.tex
(C:/Users/BUETEEE/AppData/Local/Programs/MiKTeX/tex/latex/microtype/mt-TU-empty
.cfg)

LaTeX Warning: Reference `LastPage' on page 1 undefined on input line 51.

[1{C:/Users/BUETEEE/AppData/Local/MiKTeX/fonts/map/pdftex/pdftex.map}]

LaTeX Warning: Reference `LastPage' on page 2 undefined on input line 129.

[2]

LaTeX Warning: Reference `LastPage' on page 3 undefined on input line 180.

[3]

Package biblatex Warning: Type 'article' not found on input line 186.


LaTeX Warning: Empty bibliography on input line 186.


Package biblatex Warning: Type 'article' not found on input line 186.


LaTeX Warning: Empty bibliography on input line 186.


Package biblatex Warning: Type 'inproceedings' not found on input line 187.


LaTeX Warning: Empty bibliography on input line 187.


Package biblatex Warning: Type 'inproceedings' not found on input line 187.


LaTeX Warning: Empty bibliography on input line 187.


Package biblatex Warning: Type 'patent' not found on input line 188.


LaTeX Warning: Empty bibliography on input line 188.


Package biblatex Warning: Type 'patent' not found on input line 188.


LaTeX Warning: Empty bibliography on input line 188.


Package biblatex Warning: Type 'unpublished' not found on input line 189.


LaTeX Warning: Empty bibliography on input line 189.


Package biblatex Warning: Type 'unpublished' not found on input line 189.


LaTeX Warning: Empty bibliography on input line 189.

)

LaTeX Warning: Reference `LastPage' on page 4 undefined on input line 7.

[4] 
enddocument/afterlastpage (AED): lastpage setting LastPage.
(./dsmc-cv.aux)

LaTeX Warning: There were undefined references.


LaTeX Warning: Label(s) may have changed. Rerun to get cross-references right.


Package lastpage Warning: Rerun to get the references right on input line 7.


Package biblatex Warning: Please (re)run Biber on the file:
(biblatex)                dsmc-cv
(biblatex)                and rerun LaTeX afterwards.

)
 705 words of node memory still in use:
   7 hlist, 3 vlist, 2 rule, 1 local_par, 4 glue, 5 kern, 1 penalty, 3 glyph, 2
3 attribute, 74 glue_spec, 13 attribute_list, 2 write nodes
   avail lists: 1:3,2:2197,3:663,4:368,5:716,6:154,7:9599,8:2,9:550,10:7,11:849

<C:/Users/BUETEEE/AppData/Local/Programs/MiKTeX/fonts/opentype/public/libertinu
s-fonts/LibertinusSerif-Italic.otf><//?/c:/users/bueteee/appdata/local/programs
/miktex/fonts/opentype/public/fontawesome5/fontawesome5brands-regular-400.otf><
C:/Users/BUETEEE/AppData/Local/Programs/MiKTeX/fonts/opentype/public/academicon
s/academicons.otf><//?/c:/users/bueteee/appdata/local/programs/miktex/fonts/ope
ntype/public/fontawesome5/fontawesome5free-solid-900.otf><c:/users/bueteee/appd
ata/local/programs/miktex/fonts/opentype/public/fontawesome5/fontawesome5free-r
egular-400.otf><C:/Users/BUETEEE/AppData/Local/Programs/MiKTeX/fonts/opentype/p
ublic/libertinus-fonts/LibertinusSerif-Semibold.otf><C:/Users/BUETEEE/AppData/L
ocal/Programs/MiKTeX/fonts/opentype/public/libertinus-fonts/LibertinusSerif-Reg
ular.otf>
Output written on dsmc-cv.pdf (4 pages, 58436 bytes).
Transcript written on dsmc-cv.log.
INFO - This is Biber 2.21
INFO - Logfile is 'dsmc-cv.blg'
INFO - Reading 'dsmc-cv.bcf'
INFO - Using all citekeys in bib section 0
INFO - Processing section 0
INFO - Looking for bibtex file 'papers.bib' for section 0
INFO - LaTeX decoding ...
INFO - Found BibTeX data source 'papers.bib'
INFO - Overriding locale 'en-GB' defaults 'normalization = NFD' with 'normalization = prenormalized'
INFO - Overriding locale 'en-GB' defaults 'variable = shifted' with 'variable = non-ignorable'
INFO - Sorting list 'ydnt/global/FF44570ACA8241914870AFBC310CDB85/global/global/global' of type 'entry' with template 'ydnt' and locale 'en-GB'
INFO - No sort tailoring available for locale 'en-GB'
INFO - Overriding locale 'en-GB' defaults 'variable = shifted' with 'variable = non-ignorable'
INFO - Overriding locale 'en-GB' defaults 'normalization = NFD' with 'normalization = prenormalized'
INFO - Sorting list 'ydnt/global/0D61F8370CAD1D412F80B84D143E1257/global/global/global' of type 'entry' with template 'ydnt' and locale 'en-GB'
INFO - No sort tailoring available for locale 'en-GB'
INFO - Overriding locale 'en-GB' defaults 'normalization = NFD' with 'normalization = prenormalized'
INFO - Overriding locale 'en-GB' defaults 'variable = shifted' with 'variable = non-ignorable'
INFO - Sorting list 'ydnt/global/44C29EDB103A2872F519AD0C9A0FDAAA/global/global/global' of type 'entry' with template 'ydnt' and locale 'en-GB'
INFO - No sort tailoring available for locale 'en-GB'
INFO - Overriding locale 'en-GB' defaults 'normalization = NFD' with 'normalization = prenormalized'
INFO - Overriding locale 'en-GB' defaults 'variable = shifted' with 'variable = non-ignorable'
INFO - Sorting list 'ydnt/global/02129BB861061D1A052C592E2DC6B383/global/global/global' of type 'entry' with template 'ydnt' and locale 'en-GB'
INFO - No sort tailoring available for locale 'en-GB'
INFO - Overriding locale 'en-GB' defaults 'normalization = NFD' with 'normalization = prenormalized'
INFO - Overriding locale 'en-GB' defaults 'variable = shifted' with 'variable = non-ignorable'
INFO - Sorting list 'ydnt/global//global/global/global' of type 'entry' with template 'ydnt' and locale 'en-GB'
INFO - No sort tailoring available for locale 'en-GB'
INFO - Writing 'dsmc-cv.bbl' with encoding 'UTF-8'
INFO - Output to dsmc-cv.bbl
This is LuaHBTeX, Version 1.22.0 (MiKTeX 25.4)
 restricted system commands enabled.
(./dsmc-cv.tex
LaTeX2e <2025-11-01>
L3 programming layer <2025-11-06>
 (./buetcv.cls
Document Class: buetcv 2026/10/04 v2.0 Academic CV: short CV and full dossier
(C:/Users/BUETEEE/AppData/Local/Programs/MiKTeX/tex/latex/base/article.cls
Document Class: article 2025/01/22 v1.4n Standard LaTeX document class
(C:/Users/BUETEEE/AppData/Local/Programs/MiKTeX/tex/latex/base/size11.clo))
(C:/Users/BUETEEE/AppData/Local/Programs/MiKTeX/tex/generic/iftex/iftex.sty)
(C:/Users/BUETEEE/AppData/Local/Programs/MiKTeX/tex/latex/geometry/geometry.sty
(C:/Users/BUETEEE/AppData/Local/Programs/MiKTeX/tex/latex/graphics/keyval.sty)
(C:/Users/BUETEEE/AppData/Local/Programs/MiKTeX/tex/generic/iftex/ifvtex.sty)
(C:/Users/BUETEEE/AppData/Local/Programs/MiKTeX/tex/latex/geometry/geometry.cfg
)) (C:/Users/BUETEEE/AppData/Local/Programs/MiKTeX/tex/generic/babel/babel.sty
(C:/Users/BUETEEE/AppData/Local/Programs/MiKTeX/tex/generic/babel/luababel.def

Package babel Warning: I couldn't find language.dat. No additional
(babel)                patterns loaded. Reported on input line 107.

)
(C:/Users/BUETEEE/AppData/Local/Programs/MiKTeX/tex/generic/babel/luababel.def)
*************************************
* Local config file bblopts.cfg used
*
(C:/Users/BUETEEE/AppData/Local/Programs/MiKTeX/tex/latex/arabi/bblopts.cfg)
(C:/Users/BUETEEE/AppData/Local/Programs/MiKTeX/tex/generic/babel/locale/en/bab
el-british.tex)
(C:/Users/BUETEEE/AppData/Local/Programs/MiKTeX/tex/latex/babel-english/british
.ldf
(C:/Users/BUETEEE/AppData/Local/Programs/MiKTeX/tex/latex/babel-english/english
.ldf)))
(C:/Users/BUETEEE/AppData/Local/Programs/MiKTeX/tex/latex/etoolbox/etoolbox.sty
)
(C:/Users/BUETEEE/AppData/Local/Programs/MiKTeX/tex/latex/fontspec/fontspec.sty

(C:/Users/BUETEEE/AppData/Local/Programs/MiKTeX/tex/latex/l3packages/xparse/xpa
rse.sty
(C:/Users/BUETEEE/AppData/Local/Programs/MiKTeX/tex/latex/l3kernel/expl3.sty
(C:/Users/BUETEEE/AppData/Local/Programs/MiKTeX/tex/latex/l3backend/l3backend-l
uatex.def)))
(C:/Users/BUETEEE/AppData/Local/Programs/MiKTeX/tex/latex/fontspec/fontspec-lua
tex.sty
(C:/Users/BUETEEE/AppData/Local/Programs/MiKTeX/tex/latex/base/fontenc.sty)
(C:/Users/BUETEEE/AppData/Local/Programs/MiKTeX/tex/latex/fontspec/fontspec.cfg
)))
(C:/Users/BUETEEE/AppData/Local/Programs/MiKTeX/tex/latex/unicode-math/unicode-
math.sty
(C:/Users/BUETEEE/AppData/Local/Programs/MiKTeX/tex/latex/unicode-math/unicode-
math-luatex.sty
(C:/Users/BUETEEE/AppData/Local/Programs/MiKTeX/tex/latex/l3packages/l3keys2e/l
3keys2e.sty)
(C:/Users/BUETEEE/AppData/Local/Programs/MiKTeX/tex/latex/base/fix-cm.sty
(C:/Users/BUETEEE/AppData/Local/Programs/MiKTeX/tex/latex/base/ts1enc.def))
(C:/Users/BUETEEE/AppData/Local/Programs/MiKTeX/tex/latex/amsmath/amsmath.sty
For additional information on amsmath, use the `?' option.
(C:/Users/BUETEEE/AppData/Local/Programs/MiKTeX/tex/latex/amsmath/amstext.sty
(C:/Users/BUETEEE/AppData/Local/Programs/MiKTeX/tex/latex/amsmath/amsgen.sty))
(C:/Users/BUETEEE/AppData/Local/Programs/MiKTeX/tex/latex/amsmath/amsbsy.sty)
(C:/Users/BUETEEE/AppData/Local/Programs/MiKTeX/tex/latex/amsmath/amsopn.sty))
(C:/Users/BUETEEE/AppData/Local/Programs/MiKTeX/tex/lualatex/lualatex-math/lual
atex-math.sty)
(C:/Users/BUETEEE/AppData/Local/Programs/MiKTeX/tex/latex/unicode-math/unicode-
math-table.tex)))
(C:/Users/BUETEEE/AppData/Local/Programs/MiKTeX/tex/latex/microtype/microtype.s
ty
(C:/Users/BUETEEE/AppData/Local/Programs/MiKTeX/tex/latex/microtype/microtype-l
uatex.def)
(C:/Users/BUETEEE/AppData/Local/Programs/MiKTeX/tex/latex/microtype/microtype.c
fg))
(C:/Users/BUETEEE/AppData/Local/Programs/MiKTeX/tex/latex/fontawesome5/fontawes
ome5.sty
(C:/Users/BUETEEE/AppData/Local/Programs/MiKTeX/tex/latex/fontawesome5/fontawes
ome5-utex-helper.sty
(C:/Users/BUETEEE/AppData/Local/Programs/MiKTeX/tex/luatex/luatexbase/luatexbas
e.sty
(C:/Users/BUETEEE/AppData/Local/Programs/MiKTeX/tex/luatex/ctablestack/ctablest
ack.sty))
(C:/Users/BUETEEE/AppData/Local/Programs/MiKTeX/tex/latex/fontawesome5/tufontaw
esomefree.fd)
(C:/Users/BUETEEE/AppData/Local/Programs/MiKTeX/tex/latex/fontawesome5/tufontaw
esomebrands.fd)))
(C:/Users/BUETEEE/AppData/Local/Programs/MiKTeX/tex/fonts/academicons/academico
ns.sty
(C:/Users/BUETEEE/AppData/Local/Programs/MiKTeX/tex/fonts/academicons/academico
ns-xeluatex.tex)
(C:/Users/BUETEEE/AppData/Local/Programs/MiKTeX/tex/fonts/academicons/academico
ns-generic.tex))
(C:/Users/BUETEEE/AppData/Local/Programs/MiKTeX/tex/latex/xcolor/xcolor.sty
(C:/Users/BUETEEE/AppData/Local/Programs/MiKTeX/tex/latex/graphics-cfg/color.cf
g)
(C:/Users/BUETEEE/AppData/Local/Programs/MiKTeX/tex/latex/graphics-def/luatex.d
ef)
(C:/Users/BUETEEE/AppData/Local/Programs/MiKTeX/tex/latex/graphics/mathcolor.lt
x))
(C:/Users/BUETEEE/AppData/Local/Programs/MiKTeX/tex/latex/hyperref/hyperref.sty

(C:/Users/BUETEEE/AppData/Local/Programs/MiKTeX/tex/latex/kvsetkeys/kvsetkeys.s
ty)
(C:/Users/BUETEEE/AppData/Local/Programs/MiKTeX/tex/generic/kvdefinekeys/kvdefi
nekeys.sty)
(C:/Users/BUETEEE/AppData/Local/Programs/MiKTeX/tex/generic/pdfescape/pdfescape
.sty
(C:/Users/BUETEEE/AppData/Local/Programs/MiKTeX/tex/generic/ltxcmds/ltxcmds.sty
)
(C:/Users/BUETEEE/AppData/Local/Programs/MiKTeX/tex/generic/pdftexcmds/pdftexcm
ds.sty
(C:/Users/BUETEEE/AppData/Local/Programs/MiKTeX/tex/generic/infwarerr/infwarerr
.sty)))
(C:/Users/BUETEEE/AppData/Local/Programs/MiKTeX/tex/latex/hycolor/hycolor.sty)
(C:/Users/BUETEEE/AppData/Local/Programs/MiKTeX/tex/latex/hyperref/nameref.sty
(C:/Users/BUETEEE/AppData/Local/Programs/MiKTeX/tex/latex/refcount/refcount.sty
)
(C:/Users/BUETEEE/AppData/Local/Programs/MiKTeX/tex/generic/gettitlestring/gett
itlestring.sty
(C:/Users/BUETEEE/AppData/Local/Programs/MiKTeX/tex/latex/kvoptions/kvoptions.s
ty)))
(C:/Users/BUETEEE/AppData/Local/Programs/MiKTeX/tex/generic/stringenc/stringenc
.sty)
(C:/Users/BUETEEE/AppData/Local/Programs/MiKTeX/tex/latex/hyperref/pd1enc.def)
(C:/Users/BUETEEE/AppData/Local/Programs/MiKTeX/tex/generic/intcalc/intcalc.sty
) (C:/Users/BUETEEE/AppData/Local/Programs/MiKTeX/tex/latex/hyperref/puenc.def)
(C:/Users/BUETEEE/AppData/Local/Programs/MiKTeX/tex/latex/url/url.sty)
(C:/Users/BUETEEE/AppData/Local/Programs/MiKTeX/tex/generic/bitset/bitset.sty
(C:/Users/BUETEEE/AppData/Local/Programs/MiKTeX/tex/generic/bigintcalc/bigintca
lc.sty)))
(C:/Users/BUETEEE/AppData/Local/Programs/MiKTeX/tex/latex/hyperref/hluatex.def
(C:/Users/BUETEEE/AppData/Local/Programs/MiKTeX/tex/latex/rerunfilecheck/rerunf
ilecheck.sty
(C:/Users/BUETEEE/AppData/Local/Programs/MiKTeX/tex/generic/uniquecounter/uniqu
ecounter.sty)))
(C:/Users/BUETEEE/AppData/Local/Programs/MiKTeX/tex/latex/bookmark/bookmark.sty

(C:/Users/BUETEEE/AppData/Local/Programs/MiKTeX/tex/latex/bookmark/bkm-pdftex.d
ef))
(C:/Users/BUETEEE/AppData/Local/Programs/MiKTeX/tex/latex/lastpage/lastpage.sty

(C:/Users/BUETEEE/AppData/Local/Programs/MiKTeX/tex/latex/lastpage/lastpage2e.s
ty
(C:/Users/BUETEEE/AppData/Local/Programs/MiKTeX/tex/latex/lastpage/lastpagemode
rn.sty) 
))
(C:/Users/BUETEEE/AppData/Local/Programs/MiKTeX/tex/latex/fancyhdr/fancyhdr.sty
)
(C:/Users/BUETEEE/AppData/Local/Programs/MiKTeX/tex/latex/titlesec/titlesec.sty
)
(C:/Users/BUETEEE/AppData/Local/Programs/MiKTeX/tex/latex/needspace/needspace.s
ty)
(C:/Users/BUETEEE/AppData/Local/Programs/MiKTeX/tex/latex/enumitem/enumitem.sty
)
(C:/Users/BUETEEE/AppData/Local/Programs/MiKTeX/tex/latex/pgfplots/pgfplots.sty

(C:/Users/BUETEEE/AppData/Local/Programs/MiKTeX/tex/generic/pgfplots/pgfplots.r
evision.tex)
(C:/Users/BUETEEE/AppData/Local/Programs/MiKTeX/tex/latex/graphics/graphicx.sty

(C:/Users/BUETEEE/AppData/Local/Programs/MiKTeX/tex/latex/graphics/graphics.sty
(C:/Users/BUETEEE/AppData/Local/Programs/MiKTeX/tex/latex/graphics/trig.sty)
(C:/Users/BUETEEE/AppData/Local/Programs/MiKTeX/tex/latex/graphics-cfg/graphics
.cfg)))
(C:/Users/BUETEEE/AppData/Local/Programs/MiKTeX/tex/latex/pgf/frontendlayer/tik
z.sty
(C:/Users/BUETEEE/AppData/Local/Programs/MiKTeX/tex/latex/pgf/basiclayer/pgf.st
y
(C:/Users/BUETEEE/AppData/Local/Programs/MiKTeX/tex/latex/pgf/utilities/pgfrcs.
sty
(C:/Users/BUETEEE/AppData/Local/Programs/MiKTeX/tex/generic/pgf/utilities/pgfut
il-common.tex)
(C:/Users/BUETEEE/AppData/Local/Programs/MiKTeX/tex/generic/pgf/utilities/pgfut
il-latex.def)
(C:/Users/BUETEEE/AppData/Local/Programs/MiKTeX/tex/generic/pgf/utilities/pgfrc
s.code.tex
(C:/Users/BUETEEE/AppData/Local/Programs/MiKTeX/tex/generic/pgf/pgf.revision.te
x)))
(C:/Users/BUETEEE/AppData/Local/Programs/MiKTeX/tex/latex/pgf/basiclayer/pgfcor
e.sty
(C:/Users/BUETEEE/AppData/Local/Programs/MiKTeX/tex/latex/pgf/systemlayer/pgfsy
s.sty
(C:/Users/BUETEEE/AppData/Local/Programs/MiKTeX/tex/generic/pgf/systemlayer/pgf
sys.code.tex
(C:/Users/BUETEEE/AppData/Local/Programs/MiKTeX/tex/generic/pgf/utilities/pgfke
ys.code.tex
(C:/Users/BUETEEE/AppData/Local/Programs/MiKTeX/tex/generic/pgf/utilities/pgfke
yslibraryfiltered.code.tex))
(C:/Users/BUETEEE/AppData/Local/Programs/MiKTeX/tex/generic/pgf/systemlayer/pgf
.cfg)
(C:/Users/BUETEEE/AppData/Local/Programs/MiKTeX/tex/generic/pgf/systemlayer/pgf
sys-luatex.def
(C:/Users/BUETEEE/AppData/Local/Programs/MiKTeX/tex/generic/pgf/systemlayer/pgf
sys-common-pdf.def)))
(C:/Users/BUETEEE/AppData/Local/Programs/MiKTeX/tex/generic/pgf/systemlayer/pgf
syssoftpath.code.tex)
(C:/Users/BUETEEE/AppData/Local/Programs/MiKTeX/tex/generic/pgf/systemlayer/pgf
sysprotocol.code.tex))
(C:/Users/BUETEEE/AppData/Local/Programs/MiKTeX/tex/generic/pgf/basiclayer/pgfc
ore.code.tex
(C:/Users/BUETEEE/AppData/Local/Programs/MiKTeX/tex/generic/pgf/math/pgfmath.co
de.tex
(C:/Users/BUETEEE/AppData/Local/Programs/MiKTeX/tex/generic/pgf/math/pgfmathuti
l.code.tex)
(C:/Users/BUETEEE/AppData/Local/Programs/MiKTeX/tex/generic/pgf/math/pgfmathpar
ser.code.tex)
(C:/Users/BUETEEE/AppData/Local/Programs/MiKTeX/tex/generic/pgf/math/pgfmathfun
ctions.code.tex)
(C:/Users/BUETEEE/AppData/Local/Programs/MiKTeX/tex/generic/pgf/math/pgfmathfun
ctions.basic.code.tex)
(C:/Users/BUETEEE/AppData/Local/Programs/MiKTeX/tex/generic/pgf/math/pgfmathfun
ctions.trigonometric.code.tex)
(C:/Users/BUETEEE/AppData/Local/Programs/MiKTeX/tex/generic/pgf/math/pgfmathfun
ctions.random.code.tex)
(C:/Users/BUETEEE/AppData/Local/Programs/MiKTeX/tex/generic/pgf/math/pgfmathfun
ctions.comparison.code.tex)
(C:/Users/BUETEEE/AppData/Local/Programs/MiKTeX/tex/generic/pgf/math/pgfmathfun
ctions.base.code.tex)
(C:/Users/BUETEEE/AppData/Local/Programs/MiKTeX/tex/generic/pgf/math/pgfmathfun
ctions.round.code.tex)
(C:/Users/BUETEEE/AppData/Local/Programs/MiKTeX/tex/generic/pgf/math/pgfmathfun
ctions.misc.code.tex)
(C:/Users/BUETEEE/AppData/Local/Programs/MiKTeX/tex/generic/pgf/math/pgfmathfun
ctions.integerarithmetics.code.tex)
(C:/Users/BUETEEE/AppData/Local/Programs/MiKTeX/tex/generic/pgf/math/pgfmathcal
c.code.tex)
(C:/Users/BUETEEE/AppData/Local/Programs/MiKTeX/tex/generic/pgf/math/pgfmathflo
at.code.tex))
(C:/Users/BUETEEE/AppData/Local/Programs/MiKTeX/tex/generic/pgf/math/pgfint.cod
e.tex)
(C:/Users/BUETEEE/AppData/Local/Programs/MiKTeX/tex/generic/pgf/basiclayer/pgfc
orepoints.code.tex)
(C:/Users/BUETEEE/AppData/Local/Programs/MiKTeX/tex/generic/pgf/basiclayer/pgfc
orepathconstruct.code.tex)
(C:/Users/BUETEEE/AppData/Local/Programs/MiKTeX/tex/generic/pgf/basiclayer/pgfc
orepathusage.code.tex)
(C:/Users/BUETEEE/AppData/Local/Programs/MiKTeX/tex/generic/pgf/basiclayer/pgfc
orescopes.code.tex)
(C:/Users/BUETEEE/AppData/Local/Programs/MiKTeX/tex/generic/pgf/basiclayer/pgfc
oregraphicstate.code.tex)
(C:/Users/BUETEEE/AppData/Local/Programs/MiKTeX/tex/generic/pgf/basiclayer/pgfc
oretransformations.code.tex)
(C:/Users/BUETEEE/AppData/Local/Programs/MiKTeX/tex/generic/pgf/basiclayer/pgfc
orequick.code.tex)
(C:/Users/BUETEEE/AppData/Local/Programs/MiKTeX/tex/generic/pgf/basiclayer/pgfc
oreobjects.code.tex)
(C:/Users/BUETEEE/AppData/Local/Programs/MiKTeX/tex/generic/pgf/basiclayer/pgfc
orepathprocessing.code.tex)
(C:/Users/BUETEEE/AppData/Local/Programs/MiKTeX/tex/generic/pgf/basiclayer/pgfc
orearrows.code.tex)
(C:/Users/BUETEEE/AppData/Local/Programs/MiKTeX/tex/generic/pgf/basiclayer/pgfc
oreshade.code.tex)
(C:/Users/BUETEEE/AppData/Local/Programs/MiKTeX/tex/generic/pgf/basiclayer/pgfc
oreimage.code.tex)
(C:/Users/BUETEEE/AppData/Local/Programs/MiKTeX/tex/generic/pgf/basiclayer/pgfc
oreexternal.code.tex)
(C:/Users/BUETEEE/AppData/Local/Programs/MiKTeX/tex/generic/pgf/basiclayer/pgfc
orelayers.code.tex)
(C:/Users/BUETEEE/AppData/Local/Programs/MiKTeX/tex/generic/pgf/basiclayer/pgfc
oretransparency.code.tex)
(C:/Users/BUETEEE/AppData/Local/Programs/MiKTeX/tex/generic/pgf/basiclayer/pgfc
orepatterns.code.tex)
(C:/Users/BUETEEE/AppData/Local/Programs/MiKTeX/tex/generic/pgf/basiclayer/pgfc
orerdf.code.tex)))
(C:/Users/BUETEEE/AppData/Local/Programs/MiKTeX/tex/generic/pgf/modules/pgfmodu
leshapes.code.tex)
(C:/Users/BUETEEE/AppData/Local/Programs/MiKTeX/tex/generic/pgf/modules/pgfmodu
leplot.code.tex)
(C:/Users/BUETEEE/AppData/Local/Programs/MiKTeX/tex/latex/pgf/compatibility/pgf
comp-version-0-65.sty)
(C:/Users/BUETEEE/AppData/Local/Programs/MiKTeX/tex/latex/pgf/compatibility/pgf
comp-version-1-18.sty))
(C:/Users/BUETEEE/AppData/Local/Programs/MiKTeX/tex/latex/pgf/utilities/pgffor.
sty
(C:/Users/BUETEEE/AppData/Local/Programs/MiKTeX/tex/latex/pgf/utilities/pgfkeys
.sty
(C:/Users/BUETEEE/AppData/Local/Programs/MiKTeX/tex/generic/pgf/utilities/pgfke
ys.code.tex))
(C:/Users/BUETEEE/AppData/Local/Programs/MiKTeX/tex/latex/pgf/math/pgfmath.sty
(C:/Users/BUETEEE/AppData/Local/Programs/MiKTeX/tex/generic/pgf/math/pgfmath.co
de.tex))
(C:/Users/BUETEEE/AppData/Local/Programs/MiKTeX/tex/generic/pgf/utilities/pgffo
r.code.tex))
(C:/Users/BUETEEE/AppData/Local/Programs/MiKTeX/tex/generic/pgf/frontendlayer/t
ikz/tikz.code.tex
(C:/Users/BUETEEE/AppData/Local/Programs/MiKTeX/tex/generic/pgf/libraries/pgfli
braryplothandlers.code.tex)
(C:/Users/BUETEEE/AppData/Local/Programs/MiKTeX/tex/generic/pgf/modules/pgfmodu
lematrix.code.tex)
(C:/Users/BUETEEE/AppData/Local/Programs/MiKTeX/tex/generic/pgf/frontendlayer/t
ikz/libraries/tikzlibrarytopaths.code.tex)))
(C:/Users/BUETEEE/AppData/Local/Programs/MiKTeX/tex/generic/pgfplots/pgfplots.c
ode.tex
(C:/Users/BUETEEE/AppData/Local/Programs/MiKTeX/tex/generic/pgfplots/pgfplotsco
re.code.tex
(C:/Users/BUETEEE/AppData/Local/Programs/MiKTeX/tex/generic/pgfplots/sys/pgfplo
tssysgeneric.code.tex))
(C:/Users/BUETEEE/AppData/Local/Programs/MiKTeX/tex/generic/pgfplots/libs/pgfpl
otslibrary.code.tex)
(C:/Users/BUETEEE/AppData/Local/Programs/MiKTeX/tex/generic/pgfplots/oldpgfcomp
atib/pgfplotsoldpgfsupp_loader.code.tex
(C:/Users/BUETEEE/AppData/Local/Programs/MiKTeX/tex/generic/pgf/libraries/pgfli
braryfpu.code.tex)
Package pgfplots: loading complementary utilities for your pgf version...

(C:/Users/BUETEEE/AppData/Local/Programs/MiKTeX/tex/generic/pgfplots/oldpgfcomp
atib/pgfplotsoldpgfsupp_pgfutil-common-lists.tex)
(C:/Users/BUETEEE/AppData/Local/Programs/MiKTeX/tex/generic/pgf/libraries/luama
th/pgflibraryluamath.code.tex))
(C:/Users/BUETEEE/AppData/Local/Programs/MiKTeX/tex/generic/pgfplots/util/pgfpl
otsutil.code.tex
(C:/Users/BUETEEE/AppData/Local/Programs/MiKTeX/tex/generic/pgfplots/liststruct
ure/pgfplotsliststructure.code.tex)
(C:/Users/BUETEEE/AppData/Local/Programs/MiKTeX/tex/generic/pgfplots/liststruct
ure/pgfplotsliststructureext.code.tex)
(C:/Users/BUETEEE/AppData/Local/Programs/MiKTeX/tex/generic/pgfplots/liststruct
ure/pgfplotsarray.code.tex)
(C:/Users/BUETEEE/AppData/Local/Programs/MiKTeX/tex/generic/pgfplots/liststruct
ure/pgfplotsmatrix.code.tex)
(C:/Users/BUETEEE/AppData/Local/Programs/MiKTeX/tex/generic/pgfplots/numtable/p
gfplotstableshared.code.tex)
(C:/Users/BUETEEE/AppData/Local/Programs/MiKTeX/tex/generic/pgfplots/liststruct
ure/pgfplotsdeque.code.tex)
(C:/Users/BUETEEE/AppData/Local/Programs/MiKTeX/tex/generic/pgfplots/util/pgfpl
otsbinary.code.tex
(C:/Users/BUETEEE/AppData/Local/Programs/MiKTeX/tex/generic/pgfplots/util/pgfpl
otsbinary.data.code.tex))
(C:/Users/BUETEEE/AppData/Local/Programs/MiKTeX/tex/generic/pgfplots/util/pgfpl
otsutil.verb.code.tex)
(C:/Users/BUETEEE/AppData/Local/Programs/MiKTeX/tex/generic/pgfplots/libs/pgfli
brarypgfplots.surfshading.code.tex
(C:/Users/BUETEEE/AppData/Local/Programs/MiKTeX/tex/generic/pgfplots/sys/pgflib
rarypgfplots.surfshading.pgfsys-luatex.def)))
(C:/Users/BUETEEE/AppData/Local/Programs/MiKTeX/tex/generic/pgfplots/util/pgfpl
otscolormap.code.tex
(C:/Users/BUETEEE/AppData/Local/Programs/MiKTeX/tex/generic/pgfplots/util/pgfpl
otscolor.code.tex))
(C:/Users/BUETEEE/AppData/Local/Programs/MiKTeX/tex/generic/pgfplots/pgfplotsst
ackedplots.code.tex)
(C:/Users/BUETEEE/AppData/Local/Programs/MiKTeX/tex/generic/pgfplots/pgfplotspl
othandlers.code.tex
(C:/Users/BUETEEE/AppData/Local/Programs/MiKTeX/tex/generic/pgfplots/pgfplotsme
shplothandler.code.tex
(C:/Users/BUETEEE/AppData/Local/Programs/MiKTeX/tex/generic/pgfplots/pgfplotsme
shplotimage.code.tex)))
(C:/Users/BUETEEE/AppData/Local/Programs/MiKTeX/tex/generic/pgfplots/pgfplots.s
caling.code.tex)
(C:/Users/BUETEEE/AppData/Local/Programs/MiKTeX/tex/generic/pgfplots/pgfplotsco
ordprocessing.code.tex)
(C:/Users/BUETEEE/AppData/Local/Programs/MiKTeX/tex/generic/pgfplots/pgfplots.e
rrorbars.code.tex)
(C:/Users/BUETEEE/AppData/Local/Programs/MiKTeX/tex/generic/pgfplots/pgfplots.m
arkers.code.tex)
(C:/Users/BUETEEE/AppData/Local/Programs/MiKTeX/tex/generic/pgfplots/pgfplotsti
cks.code.tex)
(C:/Users/BUETEEE/AppData/Local/Programs/MiKTeX/tex/generic/pgfplots/pgfplots.p
aths.code.tex)
(C:/Users/BUETEEE/AppData/Local/Programs/MiKTeX/tex/generic/pgf/frontendlayer/t
ikz/libraries/tikzlibrarydecorations.code.tex
(C:/Users/BUETEEE/AppData/Local/Programs/MiKTeX/tex/generic/pgf/modules/pgfmodu
ledecorations.code.tex))
(C:/Users/BUETEEE/AppData/Local/Programs/MiKTeX/tex/generic/pgf/frontendlayer/t
ikz/libraries/tikzlibrarydecorations.pathmorphing.code.tex
(C:/Users/BUETEEE/AppData/Local/Programs/MiKTeX/tex/generic/pgf/libraries/decor
ations/pgflibrarydecorations.pathmorphing.code.tex))
(C:/Users/BUETEEE/AppData/Local/Programs/MiKTeX/tex/generic/pgf/frontendlayer/t
ikz/libraries/tikzlibrarydecorations.pathreplacing.code.tex
(C:/Users/BUETEEE/AppData/Local/Programs/MiKTeX/tex/generic/pgf/libraries/decor
ations/pgflibrarydecorations.pathreplacing.code.tex))
(C:/Users/BUETEEE/AppData/Local/Programs/MiKTeX/tex/generic/pgfplots/libs/tikzl
ibrarypgfplots.contourlua.code.tex))
(C:/Users/BUETEEE/AppData/Local/Programs/MiKTeX/tex/generic/pgf/frontendlayer/t
ikz/libraries/tikzlibraryplotmarks.code.tex
(C:/Users/BUETEEE/AppData/Local/Programs/MiKTeX/tex/generic/pgf/libraries/pgfli
braryplotmarks.code.tex)))
(C:/Users/BUETEEE/AppData/Local/Programs/MiKTeX/tex/latex/csquotes/csquotes.sty

(C:/Users/BUETEEE/AppData/Local/Programs/MiKTeX/tex/latex/csquotes/csquotes.def
)
(C:/Users/BUETEEE/AppData/Local/Programs/MiKTeX/tex/latex/csquotes/csquotes.cfg
))
(C:/Users/BUETEEE/AppData/Local/Programs/MiKTeX/tex/latex/biblatex/biblatex.sty
(C:/Users/BUETEEE/AppData/Local/Programs/MiKTeX/tex/latex/logreq/logreq.sty
(C:/Users/BUETEEE/AppData/Local/Programs/MiKTeX/tex/latex/logreq/logreq.def))
(C:/Users/BUETEEE/AppData/Local/Programs/MiKTeX/tex/latex/base/ifthen.sty)
(C:/Users/BUETEEE/AppData/Local/Programs/MiKTeX/tex/latex/biblatex/blx-dm.def)
(./buetcv.dbx)
(C:/Users/BUETEEE/AppData/Local/Programs/MiKTeX/tex/latex/biblatex/blx-unicode.
def)
(C:/Users/BUETEEE/AppData/Local/Programs/MiKTeX/tex/latex/biblatex/blx-compat.d
ef)
(C:/Users/BUETEEE/AppData/Local/Programs/MiKTeX/tex/latex/biblatex/biblatex.def
)
(C:/Users/BUETEEE/AppData/Local/Programs/MiKTeX/tex/latex/biblatex-ext/ext-nume
ric.bbx
(C:/Users/BUETEEE/AppData/Local/Programs/MiKTeX/tex/latex/biblatex-ext/ext-stan
dard.bbx
(C:/Users/BUETEEE/AppData/Local/Programs/MiKTeX/tex/latex/biblatex-ext/ext-bibl
atex-aux.def)
(C:/Users/BUETEEE/AppData/Local/Programs/MiKTeX/tex/latex/biblatex/bbx/standard
.bbx))
(C:/Users/BUETEEE/AppData/Local/Programs/MiKTeX/tex/latex/biblatex/bbx/numeric.
bbx))
(C:/Users/BUETEEE/AppData/Local/Programs/MiKTeX/tex/latex/biblatex-ext/ext-nume
ric.cbx
(C:/Users/BUETEEE/AppData/Local/Programs/MiKTeX/tex/latex/biblatex/cbx/numeric.
cbx))
(C:/Users/BUETEEE/AppData/Local/Programs/MiKTeX/tex/latex/biblatex/biblatex.cfg
)
(C:/Users/BUETEEE/AppData/Local/Programs/MiKTeX/tex/latex/biblatex/blx-case-exp
l3.sty))) (./cv-setup.tex (./metrics.tex)) (./dsmc-cv.aux)
*geometry* driver: auto-detecting
*geometry* detected driver: luatex

(C:/Users/BUETEEE/AppData/Local/Programs/MiKTeX/tex/context/base/mkii/supp-pdf.
mkii
[Loading MPS to PDF converter (version 2006.09.02).]
)
(C:/Users/BUETEEE/AppData/Local/Programs/MiKTeX/tex/latex/epstopdf-pkg/epstopdf
-base.sty
(C:/Users/BUETEEE/AppData/Local/Programs/MiKTeX/tex/latex/00miktex/epstopdf-sys
.cfg))
Package pgfplots notification 'compat/show suggested version=true': document ha
s been generated with the most recent feature set (\pgfplotsset{compat=1.18}).


(C:/Users/BUETEEE/AppData/Local/Programs/MiKTeX/tex/latex/biblatex/lbx/british.
lbx
(C:/Users/BUETEEE/AppData/Local/Programs/MiKTeX/tex/latex/biblatex/lbx/english.
lbx)) (./dsmc-cv.bbl) (./cv-body.tex
(C:/Users/BUETEEE/AppData/Local/Programs/MiKTeX/tex/latex/microtype/mt-TU-empty
.cfg) [1{C:/Users/BUETEEE/AppData/Local/MiKTeX/fonts/map/pdftex/pdftex.map}]
[2] [3]
./cv-body.tex:186: TeX capacity exceeded, sorry [input stack size=10000].
\tl_if_exist:NTF #1->\if_meaning:w #1
                                     \scan_stop: \use_i:nnnn \else: \fi: \if...

l.186 \pubsection{article}{J}{Journal Articles}
                                               
 18561 words of node memory still in use:
   237 hlist, 7 vlist, 17 rule, 4 mark, 37 disc, 12 local_par, 2 dir, 16 math, 
490 glue, 57 kern, 103 penalty, 4 margin_kern, 685 glyph, 1617 attribute, 95 gl
ue_spec, 810 attribute_list, 2 temp, 1 if_stack, 1 shape, 3 write, 266 pdf_lite
ral, 1 pdf_start_link, 1 pdf_end_link, 29 pdf_dest, 1 pdf_action, 68 pdf_colors
tack nodes
   avail lists: 1:1,3:19,4:296,5:642,6:142,7:8412,8:26,9:271,10:6,11:812
./cv-body.tex:186:  ==> Fatal error occurred, no output PDF file produced!
Transcript written on dsmc-cv.log.
